Solid Edge Translation to STEP
Date: Tuesday,April 28,2026 02:56PM
Output File: C:\Users\simon\OneDrive - KTH\MEX (SE202X)\Battery-CT-Project\Holder\CAD\Versioner\V3\Monterad hållare med batteri och tryckplatta.stp
Author: Unknown
Organization: Unknown
Source System: Solid Edge

Hardware:
Processor: 12th Gen Intel(R) Core(TM) i5-1235U
Operating System: Windows 11 Professional Version:25H2 Build:26200 System Type:64-bit
Installed Memory: 15.73 GB

Software Information
Parasolid Version: 37.0.118
PSBodyShop Version: 37.0.94
Step Adapter Version: 15.0.142
Solid Edge Version: 225.00.00.114 x64

STEP Export Options
Export Format: AP214
Export Construction Sheets: Off
Export Construction Solids: Off
Export Construction Wires: Off
Export Displayed Parts Only: Off
Export Units: Millimeters
Export Part Component Names As Unicode: Off
Export PMI: Off

Phase 1 of 1 Translating Parasolid to foreign data types...
Translation process completed
Time required to translate:00 : 00 : 01
