Solid Edge Translation To 3MF
Date: Monday,May 04,2026 10:03AM
Output File: C:\Users\simon\OneDrive\Skrivbord\Skolan\MEX (SE202X)\Battery-CT-Project\Holder\CAD\Versioner\V4\För utskrift\Top.3mf
Author: Unknown
Organization: Unknown
Source System: SOLID EDGE

Hardware:
Processor: 12th Gen Intel(R) Core(TM) i5-1235U
Operating System: Windows 10 Professional
Installed Memory: 15.73 GB

Software Information:
Parasolid Version: 37.0.118
PSBodyshop Version: 37.0.94
3MF Adapter Version: 15.0.142
Solid Edge Version: 225.00.00.114 x64

3MF Export Options
Export Construction Solids:Off
Export Displayed Parts:Off
Enable Logging:On
AllowInvalid3mfObjects:Off
Export Flatten Assembly:On
Export Units:Millimeters
Export Tolerance Value:1.250000
Export Tolerance Type:Custom
Export Surface Plane Angle Value:0.523599
Export Author:Unknown
Export Description:Unknown
Export Organization:Unknown
Export Program Name:Unknown

Translation progress:
Phase 1 of 1 Translating Parasolid to foreign data types...
Translation process completed
Time required to translate:00 : 00 : 00
